../Core/Src/../Fusion/FusionMath.h:136:21:float FusionRadiansToDegrees(float)	16	static
../Core/Src/../Fusion/FusionMath.h:148:21:float FusionAsin(float)	16	static
../Core/Src/../Fusion/FusionMath.h:466:27:FusionEuler FusionQuaternionToEuler(FusionQuaternion)	72	static
../Core/Src/main.cpp:148:6:void HAL_ADC_ConvCpltCallback(ADC_HandleTypeDef*)	32	static
../Core/Src/main.cpp:170:6:void AHRS_Init()	104	static
../Core/Src/main.cpp:199:5:int main()	160	static
../Core/Src/main.cpp:382:6:void SystemClock_Config()	88	static
../Core/Src/main.cpp:429:13:void MX_ADC1_Init()	24	static
../Core/Src/main.cpp:490:13:void MX_I2C1_Init()	8	static
../Core/Src/main.cpp:524:13:void MX_I2C2_Init()	8	static
../Core/Src/main.cpp:558:13:void MX_SPI2_Init()	8	static
../Core/Src/main.cpp:596:13:void MX_TIM1_Init()	96	static
../Core/Src/main.cpp:675:13:void MX_TIM2_Init()	32	static
../Core/Src/main.cpp:720:13:void MX_USART1_UART_Init()	8	static
../Core/Src/main.cpp:751:13:void MX_DMA_Init()	16	static
../Core/Src/main.cpp:769:13:void MX_GPIO_Init()	48	static
../Core/Src/main.cpp:838:6:void StartDefaultTask(void*)	16	static
../Core/Src/main.cpp:856:6:void Task10msHandler(void*)	128	static
../Core/Src/main.cpp:905:6:void Task100msHandler(void*)	40	static
../Core/Src/main.cpp:951:6:void HAL_TIM_PeriodElapsedCallback(TIM_HandleTypeDef*)	16	static
../Core/Src/main.cpp:972:6:void Error_Handler()	4	static,ignoring_inline_asm
