C:\ST\STM32CubeIDE_1.15.1\STM32CubeIDE\plugins\com.st.stm32cube.ide.mcu.externaltools.gnu-tools-for-stm32.12.3.rel1.win32_1.1.0.202410251130\tools\bin/../lib/gcc/arm-none-eabi/12.3.1/../../../../arm-none-eabi/include/c++/12.3.1/cmath:463:3:constexpr float std::sqrt(float)	16	static
../Core/Src/main.cpp:219:1:WheelData::WheelData(I2C_HandleTypeDef, TIM_HandleTypeDef, uint16_t, GPIO_TypeDef*, uint16_t, GPIO_PinState, GPIO_TypeDef*, uint16_t, GPIO_PinState, WheelSide)	16	static
../Core/Src/main.cpp:268:6:void WheelData::ReadAS5600_Curr(float)	72	static
../Core/Src/main.cpp:405:6:void WheelData::Set_Speed(float, int)	24	static
../Core/Src/main.cpp:457:6:void WheelData::Calculation()	24	static
../Core/Src/main.cpp:505:6:void HAL_ADC_ConvCpltCallback(ADC_HandleTypeDef*)	32	static
../Core/Src/main.cpp:533:5:int main()	192	static
../Core/Src/main.cpp:683:6:void SystemClock_Config()	88	static
../Core/Src/main.cpp:725:13:void MX_ADC1_Init()	24	static
../Core/Src/main.cpp:786:13:void MX_I2C1_Init()	8	static
../Core/Src/main.cpp:820:13:void MX_I2C2_Init()	8	static
../Core/Src/main.cpp:854:13:void MX_SPI2_Init()	8	static
../Core/Src/main.cpp:892:13:void MX_TIM1_Init()	96	static
../Core/Src/main.cpp:971:13:void MX_TIM2_Init()	32	static
../Core/Src/main.cpp:1014:13:void MX_DMA_Init()	16	static
../Core/Src/main.cpp:1032:13:void MX_GPIO_Init()	48	static
../Core/Src/main.cpp:1101:6:void StartDefaultTask(void*)	16	static
../Core/Src/main.cpp:1119:6:void Task1msHandler(void*)	16	static
../Core/Src/main.cpp:1136:6:void Task10msHandler(void*)	128	static
../Core/Src/main.cpp:1184:6:void Task100msHandler(void*)	40	static
../Core/Src/main.cpp:1229:6:void HAL_TIM_PeriodElapsedCallback(TIM_HandleTypeDef*)	16	static
../Core/Src/main.cpp:1250:6:void Error_Handler()	4	static,ignoring_inline_asm
